[device] using cpu (CPU)
train samples: 108000, val: 54000
  member 0 epoch  1/80 train 0.02142 val 0.01184
  member 0 epoch  2/80 train 0.00807 val 0.00394
  member 0 epoch  3/80 train 0.00181 val 0.00062
  member 0 epoch  4/80 train 0.00054 val 0.00045
  member 0 epoch  5/80 train 0.00045 val 0.00040
  member 0 epoch  6/80 train 0.00040 val 0.00037
  member 0 epoch  7/80 train 0.00037 val 0.00035
  member 0 epoch  8/80 train 0.00035 val 0.00035
  member 0 epoch  9/80 train 0.00035 val 0.00034
  member 0 epoch 10/80 train 0.00034 val 0.00034
  member 0 epoch 11/80 train 0.00034 val 0.00034
  member 0 epoch 12/80 train 0.00033 val 0.00033
  member 0 epoch 13/80 train 0.00033 val 0.00033
  member 0 epoch 14/80 train 0.00033 val 0.00034
  member 0 epoch 15/80 train 0.00033 val 0.00033
  member 0 epoch 16/80 train 0.00032 val 0.00033
  member 0 epoch 17/80 train 0.00032 val 0.00033
  member 0 epoch 18/80 train 0.00032 val 0.00032
  member 0 epoch 19/80 train 0.00032 val 0.00032
  member 0 epoch 20/80 train 0.00032 val 0.00032
  member 0 epoch 21/80 train 0.00032 val 0.00032
  member 0 epoch 22/80 train 0.00032 val 0.00032
  member 0 epoch 23/80 train 0.00031 val 0.00032
  member 0 epoch 24/80 train 0.00031 val 0.00032
  member 0 epoch 25/80 train 0.00031 val 0.00032
  member 0 epoch 26/80 train 0.00031 val 0.00034
  member 0 epoch 27/80 train 0.00031 val 0.00031
  member 0 epoch 28/80 train 0.00031 val 0.00032
  member 0 epoch 29/80 train 0.00031 val 0.00031
  member 0 epoch 30/80 train 0.00030 val 0.00032
  member 0 epoch 31/80 train 0.00030 val 0.00031
  member 0 epoch 32/80 train 0.00030 val 0.00031
  member 0 epoch 33/80 train 0.00030 val 0.00032
  member 0 epoch 34/80 train 0.00030 val 0.00031
  member 0 epoch 35/80 train 0.00030 val 0.00032
  member 0 epoch 36/80 train 0.00029 val 0.00031
  member 0 epoch 37/80 train 0.00029 val 0.00031
  member 0 epoch 38/80 train 0.00029 val 0.00031
  member 0 epoch 39/80 train 0.00029 val 0.00031
  member 0 epoch 40/80 train 0.00029 val 0.00031
  member 0 epoch 41/80 train 0.00029 val 0.00032
  member 0 epoch 42/80 train 0.00028 val 0.00031
  member 0 epoch 43/80 train 0.00028 val 0.00033
  member 0 epoch 44/80 train 0.00028 val 0.00030
  member 0 epoch 45/80 train 0.00028 val 0.00031
  member 0 epoch 46/80 train 0.00028 val 0.00030
  member 0 epoch 47/80 train 0.00027 val 0.00030
  member 0 epoch 48/80 train 0.00027 val 0.00030
  member 0 epoch 49/80 train 0.00027 val 0.00030
  member 0 epoch 50/80 train 0.00027 val 0.00030
  member 0 epoch 51/80 train 0.00027 val 0.00030
  member 0 epoch 52/80 train 0.00027 val 0.00030
  member 0 epoch 53/80 train 0.00026 val 0.00032
  member 0 epoch 54/80 train 0.00026 val 0.00029
  member 0 epoch 55/80 train 0.00026 val 0.00029
  member 0 epoch 56/80 train 0.00026 val 0.00030
  member 0 epoch 57/80 train 0.00026 val 0.00029
  member 0 epoch 58/80 train 0.00026 val 0.00031
  member 0 epoch 59/80 train 0.00026 val 0.00029
  member 0 epoch 60/80 train 0.00026 val 0.00030
  member 0 epoch 61/80 train 0.00026 val 0.00029
  member 0 epoch 62/80 train 0.00025 val 0.00030
  member 0 epoch 63/80 train 0.00025 val 0.00030
  member 0 epoch 64/80 train 0.00025 val 0.00031
  member 0 epoch 65/80 train 0.00025 val 0.00030
  member 0 epoch 66/80 train 0.00025 val 0.00030
  member 0 epoch 67/80 train 0.00025 val 0.00029
  early stopping member 0: best val=0.00029
  member 1 epoch  1/80 train 0.01973 val 0.01189
  member 1 epoch  2/80 train 0.00708 val 0.00268
  member 1 epoch  3/80 train 0.00123 val 0.00054
  member 1 epoch  4/80 train 0.00050 val 0.00045
  member 1 epoch  5/80 train 0.00043 val 0.00041
  member 1 epoch  6/80 train 0.00039 val 0.00037
  member 1 epoch  7/80 train 0.00037 val 0.00036
  member 1 epoch  8/80 train 0.00035 val 0.00035
  member 1 epoch  9/80 train 0.00034 val 0.00036
  member 1 epoch 10/80 train 0.00033 val 0.00034
  member 1 epoch 11/80 train 0.00033 val 0.00033
  member 1 epoch 12/80 train 0.00032 val 0.00033
  member 1 epoch 13/80 train 0.00032 val 0.00033
  member 1 epoch 14/80 train 0.00031 val 0.00032
  member 1 epoch 15/80 train 0.00031 val 0.00033
  member 1 epoch 16/80 train 0.00031 val 0.00032
  member 1 epoch 17/80 train 0.00030 val 0.00032
  member 1 epoch 18/80 train 0.00030 val 0.00032
  member 1 epoch 19/80 train 0.00030 val 0.00032
  member 1 epoch 20/80 train 0.00030 val 0.00031
  member 1 epoch 21/80 train 0.00029 val 0.00032
  member 1 epoch 22/80 train 0.00029 val 0.00032
  member 1 epoch 23/80 train 0.00029 val 0.00031
  member 1 epoch 24/80 train 0.00029 val 0.00031
  member 1 epoch 25/80 train 0.00029 val 0.00031
  member 1 epoch 26/80 train 0.00029 val 0.00031
  member 1 epoch 27/80 train 0.00029 val 0.00031
  member 1 epoch 28/80 train 0.00028 val 0.00031
  member 1 epoch 29/80 train 0.00028 val 0.00032
  member 1 epoch 30/80 train 0.00028 val 0.00031
  member 1 epoch 31/80 train 0.00028 val 0.00030
  member 1 epoch 32/80 train 0.00028 val 0.00030
  member 1 epoch 33/80 train 0.00028 val 0.00031
  member 1 epoch 34/80 train 0.00028 val 0.00030
  member 1 epoch 35/80 train 0.00028 val 0.00030
  member 1 epoch 36/80 train 0.00027 val 0.00030
  member 1 epoch 37/80 train 0.00027 val 0.00030
  member 1 epoch 38/80 train 0.00027 val 0.00030
  member 1 epoch 39/80 train 0.00027 val 0.00030
  member 1 epoch 40/80 train 0.00027 val 0.00030
  member 1 epoch 41/80 train 0.00027 val 0.00030
  member 1 epoch 42/80 train 0.00027 val 0.00030
  member 1 epoch 43/80 train 0.00027 val 0.00030
  member 1 epoch 44/80 train 0.00026 val 0.00030
  member 1 epoch 45/80 train 0.00026 val 0.00029
  member 1 epoch 46/80 train 0.00026 val 0.00029
  member 1 epoch 47/80 train 0.00026 val 0.00029
  member 1 epoch 48/80 train 0.00026 val 0.00030
  member 1 epoch 49/80 train 0.00026 val 0.00032
  member 1 epoch 50/80 train 0.00026 val 0.00029
  member 1 epoch 51/80 train 0.00026 val 0.00029
  member 1 epoch 52/80 train 0.00025 val 0.00029
  member 1 epoch 53/80 train 0.00025 val 0.00030
  member 1 epoch 54/80 train 0.00025 val 0.00030
  member 1 epoch 55/80 train 0.00025 val 0.00029
  member 1 epoch 56/80 train 0.00025 val 0.00029
  member 1 epoch 57/80 train 0.00025 val 0.00030
  member 1 epoch 58/80 train 0.00025 val 0.00029
  member 1 epoch 59/80 train 0.00025 val 0.00029
  member 1 epoch 60/80 train 0.00025 val 0.00029
  member 1 epoch 61/80 train 0.00025 val 0.00030
  member 1 epoch 62/80 train 0.00025 val 0.00029
  member 1 epoch 63/80 train 0.00025 val 0.00029
  member 1 epoch 64/80 train 0.00025 val 0.00029
  member 1 epoch 65/80 train 0.00024 val 0.00030
  member 1 epoch 66/80 train 0.00024 val 0.00029
  member 1 epoch 67/80 train 0.00024 val 0.00030
  member 1 epoch 68/80 train 0.00024 val 0.00029
  member 1 epoch 69/80 train 0.00024 val 0.00029
  member 1 epoch 70/80 train 0.00024 val 0.00029
  member 1 epoch 71/80 train 0.00024 val 0.00030
  member 1 epoch 72/80 train 0.00024 val 0.00029
  member 1 epoch 73/80 train 0.00024 val 0.00030
  member 1 epoch 74/80 train 0.00024 val 0.00029
  member 1 epoch 75/80 train 0.00024 val 0.00029
  member 1 epoch 76/80 train 0.00024 val 0.00030
  member 1 epoch 77/80 train 0.00024 val 0.00029
  member 1 epoch 78/80 train 0.00024 val 0.00030
  member 1 epoch 79/80 train 0.00024 val 0.00030
  early stopping member 1: best val=0.00029
  member 2 epoch  1/80 train 0.02096 val 0.01066
  member 2 epoch  2/80 train 0.00605 val 0.00224
  member 2 epoch  3/80 train 0.00111 val 0.00054
  member 2 epoch  4/80 train 0.00050 val 0.00045
  member 2 epoch  5/80 train 0.00045 val 0.00042
  member 2 epoch  6/80 train 0.00042 val 0.00040
  member 2 epoch  7/80 train 0.00040 val 0.00038
  member 2 epoch  8/80 train 0.00038 val 0.00036
  member 2 epoch  9/80 train 0.00036 val 0.00035
  member 2 epoch 10/80 train 0.00035 val 0.00035
  member 2 epoch 11/80 train 0.00034 val 0.00034
  member 2 epoch 12/80 train 0.00034 val 0.00034
  member 2 epoch 13/80 train 0.00033 val 0.00033
  member 2 epoch 14/80 train 0.00033 val 0.00033
  member 2 epoch 15/80 train 0.00033 val 0.00033
  member 2 epoch 16/80 train 0.00032 val 0.00034
  member 2 epoch 17/80 train 0.00032 val 0.00032
  member 2 epoch 18/80 train 0.00032 val 0.00033
  member 2 epoch 19/80 train 0.00031 val 0.00032
  member 2 epoch 20/80 train 0.00031 val 0.00032
  member 2 epoch 21/80 train 0.00031 val 0.00032
  member 2 epoch 22/80 train 0.00031 val 0.00033
  member 2 epoch 23/80 train 0.00030 val 0.00032
  member 2 epoch 24/80 train 0.00030 val 0.00032
  member 2 epoch 25/80 train 0.00030 val 0.00032
  member 2 epoch 26/80 train 0.00030 val 0.00031
  member 2 epoch 27/80 train 0.00029 val 0.00035
  member 2 epoch 28/80 train 0.00030 val 0.00031
  member 2 epoch 29/80 train 0.00029 val 0.00031
  member 2 epoch 30/80 train 0.00029 val 0.00031
  member 2 epoch 31/80 train 0.00029 val 0.00031
  member 2 epoch 32/80 train 0.00029 val 0.00031
  member 2 epoch 33/80 train 0.00028 val 0.00031
  member 2 epoch 34/80 train 0.00028 val 0.00032
  member 2 epoch 35/80 train 0.00028 val 0.00032
  member 2 epoch 36/80 train 0.00028 val 0.00031
  member 2 epoch 37/80 train 0.00028 val 0.00031
  member 2 epoch 38/80 train 0.00028 val 0.00031
  member 2 epoch 39/80 train 0.00028 val 0.00031
  member 2 epoch 40/80 train 0.00027 val 0.00031
  member 2 epoch 41/80 train 0.00027 val 0.00031
  member 2 epoch 42/80 train 0.00027 val 0.00032
  member 2 epoch 43/80 train 0.00027 val 0.00030
  member 2 epoch 44/80 train 0.00027 val 0.00031
  member 2 epoch 45/80 train 0.00027 val 0.00030
  member 2 epoch 46/80 train 0.00027 val 0.00031
  member 2 epoch 47/80 train 0.00027 val 0.00031
  member 2 epoch 48/80 train 0.00026 val 0.00031
  member 2 epoch 49/80 train 0.00026 val 0.00031
  member 2 epoch 50/80 train 0.00026 val 0.00031
  member 2 epoch 51/80 train 0.00026 val 0.00030
  member 2 epoch 52/80 train 0.00026 val 0.00031
  member 2 epoch 53/80 train 0.00026 val 0.00031
  member 2 epoch 54/80 train 0.00026 val 0.00031
  member 2 epoch 55/80 train 0.00026 val 0.00031
  early stopping member 2: best val=0.00030
  member 3 epoch  1/80 train 0.02059 val 0.01205
  member 3 epoch  2/80 train 0.00733 val 0.00280
  member 3 epoch  3/80 train 0.00126 val 0.00055
  member 3 epoch  4/80 train 0.00049 val 0.00044
  member 3 epoch  5/80 train 0.00045 val 0.00041
  member 3 epoch  6/80 train 0.00042 val 0.00039
  member 3 epoch  7/80 train 0.00040 val 0.00037
  member 3 epoch  8/80 train 0.00038 val 0.00036
  member 3 epoch  9/80 train 0.00036 val 0.00035
  member 3 epoch 10/80 train 0.00035 val 0.00035
  member 3 epoch 11/80 train 0.00034 val 0.00035
  member 3 epoch 12/80 train 0.00034 val 0.00034
  member 3 epoch 13/80 train 0.00034 val 0.00034
  member 3 epoch 14/80 train 0.00033 val 0.00035
  member 3 epoch 15/80 train 0.00033 val 0.00033
  member 3 epoch 16/80 train 0.00033 val 0.00033
  member 3 epoch 17/80 train 0.00033 val 0.00033
  member 3 epoch 18/80 train 0.00032 val 0.00033
  member 3 epoch 19/80 train 0.00032 val 0.00032
  member 3 epoch 20/80 train 0.00032 val 0.00032
  member 3 epoch 21/80 train 0.00032 val 0.00032
  member 3 epoch 22/80 train 0.00031 val 0.00032
  member 3 epoch 23/80 train 0.00031 val 0.00033
  member 3 epoch 24/80 train 0.00031 val 0.00032
  member 3 epoch 25/80 train 0.00031 val 0.00031
  member 3 epoch 26/80 train 0.00031 val 0.00031
  member 3 epoch 27/80 train 0.00031 val 0.00032
  member 3 epoch 28/80 train 0.00030 val 0.00031
  member 3 epoch 29/80 train 0.00030 val 0.00031
  member 3 epoch 30/80 train 0.00030 val 0.00033
  member 3 epoch 31/80 train 0.00030 val 0.00031
  member 3 epoch 32/80 train 0.00029 val 0.00031
  member 3 epoch 33/80 train 0.00029 val 0.00031
  member 3 epoch 34/80 train 0.00029 val 0.00031
  member 3 epoch 35/80 train 0.00029 val 0.00031
  member 3 epoch 36/80 train 0.00029 val 0.00031
  member 3 epoch 37/80 train 0.00029 val 0.00030
  member 3 epoch 38/80 train 0.00028 val 0.00031
  member 3 epoch 39/80 train 0.00028 val 0.00030
  member 3 epoch 40/80 train 0.00028 val 0.00030
  member 3 epoch 41/80 train 0.00028 val 0.00030
  member 3 epoch 42/80 train 0.00028 val 0.00030
  member 3 epoch 43/80 train 0.00027 val 0.00030
  member 3 epoch 44/80 train 0.00027 val 0.00030
  member 3 epoch 45/80 train 0.00027 val 0.00030
  member 3 epoch 46/80 train 0.00027 val 0.00030
  member 3 epoch 47/80 train 0.00027 val 0.00030
  member 3 epoch 48/80 train 0.00027 val 0.00029
  member 3 epoch 49/80 train 0.00027 val 0.00030
  member 3 epoch 50/80 train 0.00026 val 0.00031
  member 3 epoch 51/80 train 0.00026 val 0.00029
  member 3 epoch 52/80 train 0.00026 val 0.00029
  member 3 epoch 53/80 train 0.00026 val 0.00029
  member 3 epoch 54/80 train 0.00026 val 0.00030
  member 3 epoch 55/80 train 0.00026 val 0.00029
  member 3 epoch 56/80 train 0.00026 val 0.00030
  member 3 epoch 57/80 train 0.00026 val 0.00030
  member 3 epoch 58/80 train 0.00025 val 0.00031
  member 3 epoch 59/80 train 0.00025 val 0.00029
  member 3 epoch 60/80 train 0.00025 val 0.00030
  member 3 epoch 61/80 train 0.00025 val 0.00030
  member 3 epoch 62/80 train 0.00025 val 0.00030
  early stopping member 3: best val=0.00029
  member 4 epoch  1/80 train 0.03393 val 0.01534
  member 4 epoch  2/80 train 0.01108 val 0.00657
  member 4 epoch  3/80 train 0.00353 val 0.00123
  member 4 epoch  4/80 train 0.00072 val 0.00048
  member 4 epoch  5/80 train 0.00047 val 0.00044
  member 4 epoch  6/80 train 0.00044 val 0.00042
  member 4 epoch  7/80 train 0.00042 val 0.00040
  member 4 epoch  8/80 train 0.00041 val 0.00041
  member 4 epoch  9/80 train 0.00040 val 0.00038
  member 4 epoch 10/80 train 0.00039 val 0.00038
  member 4 epoch 11/80 train 0.00038 val 0.00037
  member 4 epoch 12/80 train 0.00038 val 0.00037
  member 4 epoch 13/80 train 0.00037 val 0.00036
  member 4 epoch 14/80 train 0.00036 val 0.00036
  member 4 epoch 15/80 train 0.00036 val 0.00035
  member 4 epoch 16/80 train 0.00035 val 0.00037
  member 4 epoch 17/80 train 0.00035 val 0.00035
  member 4 epoch 18/80 train 0.00034 val 0.00035
  member 4 epoch 19/80 train 0.00034 val 0.00034
  member 4 epoch 20/80 train 0.00034 val 0.00034
  member 4 epoch 21/80 train 0.00033 val 0.00034
  member 4 epoch 22/80 train 0.00033 val 0.00034
  member 4 epoch 23/80 train 0.00032 val 0.00034
  member 4 epoch 24/80 train 0.00032 val 0.00033
  member 4 epoch 25/80 train 0.00032 val 0.00033
  member 4 epoch 26/80 train 0.00032 val 0.00033
  member 4 epoch 27/80 train 0.00032 val 0.00033
  member 4 epoch 28/80 train 0.00031 val 0.00033
  member 4 epoch 29/80 train 0.00031 val 0.00032
  member 4 epoch 30/80 train 0.00031 val 0.00032
  member 4 epoch 31/80 train 0.00031 val 0.00032
  member 4 epoch 32/80 train 0.00030 val 0.00032
  member 4 epoch 33/80 train 0.00030 val 0.00032
  member 4 epoch 34/80 train 0.00030 val 0.00032
  member 4 epoch 35/80 train 0.00030 val 0.00032
  member 4 epoch 36/80 train 0.00029 val 0.00032
  member 4 epoch 37/80 train 0.00029 val 0.00032
  member 4 epoch 38/80 train 0.00029 val 0.00031
  member 4 epoch 39/80 train 0.00029 val 0.00032
  member 4 epoch 40/80 train 0.00029 val 0.00031
  member 4 epoch 41/80 train 0.00029 val 0.00031
  member 4 epoch 42/80 train 0.00029 val 0.00032
  member 4 epoch 43/80 train 0.00029 val 0.00031
  member 4 epoch 44/80 train 0.00028 val 0.00031
  member 4 epoch 45/80 train 0.00028 val 0.00031
  member 4 epoch 46/80 train 0.00028 val 0.00031
  member 4 epoch 47/80 train 0.00028 val 0.00031
  member 4 epoch 48/80 train 0.00028 val 0.00032
  member 4 epoch 49/80 train 0.00028 val 0.00031
  member 4 epoch 50/80 train 0.00028 val 0.00031
  member 4 epoch 51/80 train 0.00028 val 0.00031
  member 4 epoch 52/80 train 0.00027 val 0.00030
  member 4 epoch 53/80 train 0.00028 val 0.00031
  member 4 epoch 54/80 train 0.00027 val 0.00031
  member 4 epoch 55/80 train 0.00027 val 0.00031
  member 4 epoch 56/80 train 0.00027 val 0.00030
  member 4 epoch 57/80 train 0.00027 val 0.00030
  member 4 epoch 58/80 train 0.00027 val 0.00031
  member 4 epoch 59/80 train 0.00027 val 0.00030
  member 4 epoch 60/80 train 0.00027 val 0.00030
  member 4 epoch 61/80 train 0.00027 val 0.00030
  member 4 epoch 62/80 train 0.00026 val 0.00031
  member 4 epoch 63/80 train 0.00026 val 0.00030
  member 4 epoch 64/80 train 0.00026 val 0.00030
  member 4 epoch 65/80 train 0.00026 val 0.00030
  member 4 epoch 66/80 train 0.00026 val 0.00030
  member 4 epoch 67/80 train 0.00026 val 0.00030
  member 4 epoch 68/80 train 0.00026 val 0.00030
  member 4 epoch 69/80 train 0.00026 val 0.00030
  member 4 epoch 70/80 train 0.00026 val 0.00031
  member 4 epoch 71/80 train 0.00025 val 0.00030
  member 4 epoch 72/80 train 0.00025 val 0.00030
  member 4 epoch 73/80 train 0.00025 val 0.00030
  member 4 epoch 74/80 train 0.00025 val 0.00030
  member 4 epoch 75/80 train 0.00025 val 0.00030
  member 4 epoch 76/80 train 0.00025 val 0.00030
  member 4 epoch 77/80 train 0.00025 val 0.00029
  member 4 epoch 78/80 train 0.00025 val 0.00030
  member 4 epoch 79/80 train 0.00025 val 0.00029
  member 4 epoch 80/80 train 0.00025 val 0.00029
  member 5 epoch  1/80 train 0.02606 val 0.01323
  member 5 epoch  2/80 train 0.00821 val 0.00300
  member 5 epoch  3/80 train 0.00134 val 0.00056
  member 5 epoch  4/80 train 0.00051 val 0.00045
  member 5 epoch  5/80 train 0.00045 val 0.00042
  member 5 epoch  6/80 train 0.00042 val 0.00040
  member 5 epoch  7/80 train 0.00040 val 0.00039
  member 5 epoch  8/80 train 0.00039 val 0.00038
  member 5 epoch  9/80 train 0.00037 val 0.00037
  member 5 epoch 10/80 train 0.00036 val 0.00036
  member 5 epoch 11/80 train 0.00035 val 0.00035
  member 5 epoch 12/80 train 0.00035 val 0.00035
  member 5 epoch 13/80 train 0.00035 val 0.00034
  member 5 epoch 14/80 train 0.00034 val 0.00036
  member 5 epoch 15/80 train 0.00034 val 0.00034
  member 5 epoch 16/80 train 0.00033 val 0.00036
  member 5 epoch 17/80 train 0.00033 val 0.00033
  member 5 epoch 18/80 train 0.00033 val 0.00033
  member 5 epoch 19/80 train 0.00032 val 0.00033
  member 5 epoch 20/80 train 0.00032 val 0.00033
  member 5 epoch 21/80 train 0.00032 val 0.00033
  member 5 epoch 22/80 train 0.00031 val 0.00033
  member 5 epoch 23/80 train 0.00031 val 0.00032
  member 5 epoch 24/80 train 0.00031 val 0.00033
  member 5 epoch 25/80 train 0.00030 val 0.00032
  member 5 epoch 26/80 train 0.00030 val 0.00033
  member 5 epoch 27/80 train 0.00030 val 0.00032
  member 5 epoch 28/80 train 0.00029 val 0.00032
  member 5 epoch 29/80 train 0.00029 val 0.00031
  member 5 epoch 30/80 train 0.00029 val 0.00032
  member 5 epoch 31/80 train 0.00029 val 0.00032
  member 5 epoch 32/80 train 0.00029 val 0.00031
  member 5 epoch 33/80 train 0.00029 val 0.00031
  member 5 epoch 34/80 train 0.00028 val 0.00031
  member 5 epoch 35/80 train 0.00028 val 0.00031
  member 5 epoch 36/80 train 0.00028 val 0.00032
  member 5 epoch 37/80 train 0.00028 val 0.00031
  member 5 epoch 38/80 train 0.00028 val 0.00030
  member 5 epoch 39/80 train 0.00028 val 0.00031
  member 5 epoch 40/80 train 0.00028 val 0.00031
  member 5 epoch 41/80 train 0.00027 val 0.00031
  member 5 epoch 42/80 train 0.00027 val 0.00031
  member 5 epoch 43/80 train 0.00027 val 0.00030
  member 5 epoch 44/80 train 0.00027 val 0.00030
  member 5 epoch 45/80 train 0.00027 val 0.00030
  member 5 epoch 46/80 train 0.00027 val 0.00031
  member 5 epoch 47/80 train 0.00027 val 0.00030
  member 5 epoch 48/80 train 0.00027 val 0.00031
  member 5 epoch 49/80 train 0.00027 val 0.00032
  member 5 epoch 50/80 train 0.00027 val 0.00030
  member 5 epoch 51/80 train 0.00027 val 0.00030
  member 5 epoch 52/80 train 0.00026 val 0.00031
  member 5 epoch 53/80 train 0.00026 val 0.00030
  member 5 epoch 54/80 train 0.00026 val 0.00030
  member 5 epoch 55/80 train 0.00026 val 0.00030
  member 5 epoch 56/80 train 0.00026 val 0.00031
  member 5 epoch 57/80 train 0.00026 val 0.00031
  member 5 epoch 58/80 train 0.00026 val 0.00030
  member 5 epoch 59/80 train 0.00026 val 0.00030
  member 5 epoch 60/80 train 0.00026 val 0.00030
  member 5 epoch 61/80 train 0.00026 val 0.00030
  member 5 epoch 62/80 train 0.00026 val 0.00030
  member 5 epoch 63/80 train 0.00026 val 0.00031
  member 5 epoch 64/80 train 0.00025 val 0.00030
  member 5 epoch 65/80 train 0.00025 val 0.00031
  member 5 epoch 66/80 train 0.00025 val 0.00030
  member 5 epoch 67/80 train 0.00025 val 0.00030
  member 5 epoch 68/80 train 0.00025 val 0.00033
  member 5 epoch 69/80 train 0.00025 val 0.00030
  member 5 epoch 70/80 train 0.00025 val 0.00030
  member 5 epoch 71/80 train 0.00025 val 0.00030
  member 5 epoch 72/80 train 0.00025 val 0.00030
  member 5 epoch 73/80 train 0.00025 val 0.00031
  member 5 epoch 74/80 train 0.00025 val 0.00030
  member 5 epoch 75/80 train 0.00024 val 0.00030
  member 5 epoch 76/80 train 0.00024 val 0.00030
  member 5 epoch 77/80 train 0.00024 val 0.00031
  member 5 epoch 78/80 train 0.00024 val 0.00030
  member 5 epoch 79/80 train 0.00024 val 0.00030
  member 5 epoch 80/80 train 0.00024 val 0.00030
  early stopping member 5: best val=0.00030
  member 6 epoch  1/80 train 0.02351 val 0.01112
  member 6 epoch  2/80 train 0.00699 val 0.00287
  member 6 epoch  3/80 train 0.00134 val 0.00054
  member 6 epoch  4/80 train 0.00048 val 0.00042
  member 6 epoch  5/80 train 0.00042 val 0.00039
  member 6 epoch  6/80 train 0.00039 val 0.00038
  member 6 epoch  7/80 train 0.00038 val 0.00037
  member 6 epoch  8/80 train 0.00036 val 0.00035
  member 6 epoch  9/80 train 0.00035 val 0.00035
  member 6 epoch 10/80 train 0.00034 val 0.00034
  member 6 epoch 11/80 train 0.00034 val 0.00035
  member 6 epoch 12/80 train 0.00033 val 0.00033
  member 6 epoch 13/80 train 0.00033 val 0.00033
  member 6 epoch 14/80 train 0.00032 val 0.00033
  member 6 epoch 15/80 train 0.00032 val 0.00033
  member 6 epoch 16/80 train 0.00031 val 0.00033
  member 6 epoch 17/80 train 0.00031 val 0.00032
  member 6 epoch 18/80 train 0.00031 val 0.00032
  member 6 epoch 19/80 train 0.00031 val 0.00032
  member 6 epoch 20/80 train 0.00030 val 0.00032
  member 6 epoch 21/80 train 0.00030 val 0.00032
  member 6 epoch 22/80 train 0.00030 val 0.00032
  member 6 epoch 23/80 train 0.00030 val 0.00032
  member 6 epoch 24/80 train 0.00030 val 0.00032
  member 6 epoch 25/80 train 0.00030 val 0.00031
  member 6 epoch 26/80 train 0.00030 val 0.00032
  member 6 epoch 27/80 train 0.00029 val 0.00032
  member 6 epoch 28/80 train 0.00029 val 0.00031
  member 6 epoch 29/80 train 0.00029 val 0.00031
  member 6 epoch 30/80 train 0.00029 val 0.00031
  member 6 epoch 31/80 train 0.00029 val 0.00031
  member 6 epoch 32/80 train 0.00028 val 0.00031
  member 6 epoch 33/80 train 0.00028 val 0.00031
  member 6 epoch 34/80 train 0.00028 val 0.00031
  member 6 epoch 35/80 train 0.00028 val 0.00031
  member 6 epoch 36/80 train 0.00028 val 0.00031
  member 6 epoch 37/80 train 0.00028 val 0.00031
  member 6 epoch 38/80 train 0.00027 val 0.00031
  member 6 epoch 39/80 train 0.00027 val 0.00031
  member 6 epoch 40/80 train 0.00027 val 0.00030
  member 6 epoch 41/80 train 0.00027 val 0.00032
  member 6 epoch 42/80 train 0.00027 val 0.00030
  member 6 epoch 43/80 train 0.00027 val 0.00030
  member 6 epoch 44/80 train 0.00027 val 0.00031
  member 6 epoch 45/80 train 0.00026 val 0.00032
  member 6 epoch 46/80 train 0.00026 val 0.00031
  member 6 epoch 47/80 train 0.00026 val 0.00031
  member 6 epoch 48/80 train 0.00026 val 0.00032
  member 6 epoch 49/80 train 0.00026 val 0.00030
  member 6 epoch 50/80 train 0.00026 val 0.00030
  member 6 epoch 51/80 train 0.00026 val 0.00030
  member 6 epoch 52/80 train 0.00025 val 0.00031
  member 6 epoch 53/80 train 0.00025 val 0.00030
  member 6 epoch 54/80 train 0.00025 val 0.00030
  member 6 epoch 55/80 train 0.00025 val 0.00030
  member 6 epoch 56/80 train 0.00025 val 0.00030
  member 6 epoch 57/80 train 0.00025 val 0.00031
  member 6 epoch 58/80 train 0.00025 val 0.00030
  member 6 epoch 59/80 train 0.00024 val 0.00030
  member 6 epoch 60/80 train 0.00024 val 0.00030
  member 6 epoch 61/80 train 0.00024 val 0.00031
  member 6 epoch 62/80 train 0.00024 val 0.00030
  member 6 epoch 63/80 train 0.00024 val 0.00034
  member 6 epoch 64/80 train 0.00024 val 0.00030
  member 6 epoch 65/80 train 0.00024 val 0.00030
  early stopping member 6: best val=0.00030
calibration -> /home/parham/mind/CADFS-RC/results/models/calibration.json  (variance_calibration = 35259.88x, fit on 43200 instances of val_shift)
        split     n      mae     rmse  mean_std  mean_std_calibrated
         test 54000 0.014365 0.022691  0.005691             1.068683
shift_density 53283 0.063098 0.093545  0.009341             1.753932
   shift_size 36000 0.104401 0.235929  0.007233             1.358182
 shift_family 72300 1.156917 1.920395  0.007525             1.413025

variance_calibration (fit on val_shift) = 35259.88x
figures -> /home/parham/mind/CADFS-RC/results/figures
